[backblue.gif]
[fade.gif]
[index.html]
[www.gaussfleet.com/gauss/assets/favicon/default/apple-icon-57x57.png]
[www.gaussfleet.com/gauss/assets/favicon/default/apple-icon-60x60.png]
[www.gaussfleet.com/gauss/assets/favicon/default/apple-icon-72x72.png]
[www.gaussfleet.com/gauss/assets/favicon/default/apple-icon-76x76.png]
[www.gaussfleet.com/gauss/assets/favicon/default/apple-icon-114x114.png]
[www.gaussfleet.com/gauss/assets/favicon/default/apple-icon-120x120.png]
[www.gaussfleet.com/gauss/assets/favicon/default/apple-icon-144x144.png]
[www.gaussfleet.com/gauss/assets/favicon/default/apple-icon-152x152.png]
[www.gaussfleet.com/gauss/assets/favicon/default/apple-icon-180x180.png]
[www.gaussfleet.com/gauss/assets/favicon/default/android-icon-192x192.png]
[www.gaussfleet.com/gauss/assets/favicon/default/favicon-32x32.png]
[www.gaussfleet.com/gauss/assets/favicon/default/favicon-96x96.png]
[www.gaussfleet.com/gauss/assets/favicon/default/favicon-16x16.png]
[use.fontawesome.com/releases/v5.6.0/css/all.css]
[www.gaussfleet.com/gauss/assets/img/icon.png]
[www.gaussfleet.com/website/assets/img/bg/bg-01.png]
[www.gaussfleet.com/website/assets/img/icons/contract.png]
[www.gaussfleet.com/website/assets/img/icons/timeline.png]
[www.gaussfleet.com/website/assets/img/icons/gps.png]
[www.gaussfleet.com/website/assets/img/icons/diagram.png]
[www.gaussfleet.com/website/assets/img/icons/magnifier.png]
[www.gaussfleet.com/website/assets/img/icons/pie-chart.png]
[www.gaussfleet.com/website/assets/img/icons/wrench.png]
[www.gaussfleet.com/website/assets/img/banners/banner-06.jpg]
[www.gaussfleet.com/website/assets/img/banners/banner-07.png]
[www.gaussfleet.com/website/assets/img/work/bg-02.jpg]
[www.gaussfleet.com/website/assets/plugins/jquery/jquery-3.3.1.min.js]
[www.gaussfleet.com/website/assets/plugins/bootstrap/js/bootstrap.bundle.min.js]
[www.gaussfleet.com/website/assets/plugins/pace/pace.min.js]
[www.gaussfleet.com/website/assets/plugins/js-cookie/js.cookie.js]
[www.gaussfleet.com/website/assets/plugins/scrollMonitor/scrollMonitor.js]
[www.gaussfleet.com/website/assets/plugins/paroller/jquery.paroller.min.js]
[www.gaussfleet.com/gauss/assets/plugins/mask/jquery.mask.min.js]
[www.gaussfleet.com/gauss/assets/plugins/sweetalert/sweetalert.min.js]
[www.gaussfleet.com/website/assets/js/apps.min.js]
[www.gaussfleet.com/index.html]
[www.gaussfleet.com/gauss/assets/favicon/ms-icon-144x144.html]
[www.gaussfleet.com/website/assets/plugins/bootstrap/css/bootstrap.min.css]
[use.fontawesome.com/releases/v5.6.0/css/all.css]
[www.gaussfleet.com/website/assets/plugins/animate/animate.min.css]
[www.gaussfleet.com/website/assets/css/images/bg-content-cover.png]
[www.gaussfleet.com/website/assets/css/style.minc619.css]
[www.gaussfleet.com/website/assets/css/custom.css]
[www.gaussfleet.com/gauss/assets/plugins/sweetalert/sweetalert.css]
[www.gaussfleet.com/website/assets/css/style-responsive.min.css]
[www.gaussfleet.com/website/assets/css/theme/red.css]
[www.gaussfleet.com/website/assets/css/pages/contentc619.css]
[www.gaussfleet.com/website/assets/img/banners/banner-01.png]
[www.gaussfleet.com/api-javascript.html]
[www.gaussfleet.com/website/assets/img/work/duvida.png]
[www.gaussfleet.com/send/email/contact/index.html]
